Component: Arm Compiler for Embedded 6.19 Tool: armlink [5e73cb00]

==============================================================================

Section Cross References

    bubblesort.o(main) refers to bubblesort.o(copy_array) for sorted_array
    startup_armcm0plus.o(STACK) refers (Special) to heapauxi.o(.text) for __use_two_region_memory
    startup_armcm0plus.o(HEAP) refers (Special) to heapauxi.o(.text) for __use_two_region_memory
    startup_armcm0plus.o(RESET) refers (Special) to heapauxi.o(.text) for __use_two_region_memory
    startup_armcm0plus.o(RESET) refers to startup_armcm0plus.o(STACK) for __initial_sp
    startup_armcm0plus.o(RESET) refers to startup_armcm0plus.o(.text) for Reset_Handler
    startup_armcm0plus.o(.text) refers (Special) to heapauxi.o(.text) for __use_two_region_memory
    startup_armcm0plus.o(.text) refers to system_armcm0plus.o(.text.SystemInit) for SystemInit
    startup_armcm0plus.o(.text) refers to bubblesort.o(main) for __main
    system_armcm0plus.o(.text.SystemCoreClockUpdate) refers to system_armcm0plus.o(.data.SystemCoreClock) for SystemCoreClock
    system_armcm0plus.o(.ARM.exidx.text.SystemCoreClockUpdate) refers to system_armcm0plus.o(.text.SystemCoreClockUpdate) for [Anonymous Symbol]
    system_armcm0plus.o(.text.SystemInit) refers to system_armcm0plus.o(.data.SystemCoreClock) for SystemCoreClock
    system_armcm0plus.o(.ARM.exidx.text.SystemInit) refers to system_armcm0plus.o(.text.SystemInit) for [Anonymous Symbol]


==============================================================================

Removing Unused input sections from the image.

    Removing startup_armcm0plus.o(HEAP), (3072 bytes).
    Removing system_armcm0plus.o(.text), (0 bytes).
    Removing system_armcm0plus.o(.text.SystemCoreClockUpdate), (16 bytes).
    Removing system_armcm0plus.o(.ARM.exidx.text.SystemCoreClockUpdate), (8 bytes).
    Removing system_armcm0plus.o(.ARM.exidx.text.SystemInit), (8 bytes).

5 unused section(s) (total 3104 bytes) removed from the image.

==============================================================================

Image Symbol Table

    Local Symbols

    Symbol Name                              Value     Ov Type        Size  Object(Section)

    ../clib/heapaux.c                        0x00000000   Number         0  heapauxi.o ABSOLUTE
    Bubblesort.s                             0x00000000   Number         0  bubblesort.o ABSOLUTE
    RTE/Device/ARMCM0P/startup_ARMCM0plus.s  0x00000000   Number         0  startup_armcm0plus.o ABSOLUTE
    dc.s                                     0x00000000   Number         0  dc.o ABSOLUTE
    system_ARMCM0plus.c                      0x00000000   Number         0  system_armcm0plus.o ABSOLUTE
    RESET                                    0x00000000   Section      192  startup_armcm0plus.o(RESET)
    .text                                    0x000000c0   Section       48  startup_armcm0plus.o(.text)
    .text                                    0x000000f0   Section        0  heapauxi.o(.text)
    [Anonymous Symbol]                       0x000000f8   Section        0  system_armcm0plus.o(.text.SystemInit)
    __arm_cp.1_0                             0x00000100   Number         4  system_armcm0plus.o(.text.SystemInit)
    __arm_cp.1_1                             0x00000104   Number         4  system_armcm0plus.o(.text.SystemInit)
    main                                     0x00000108   Section      584  bubblesort.o(main)
    array                                    0x00000198   Data         400  bubblesort.o(main)
    sorted_array                             0x20000004   Data         400  bubblesort.o(copy_array)
    copy_array                               0x20000004   Section      800  bubblesort.o(copy_array)
    time_array                               0x20000194   Data         400  bubblesort.o(copy_array)
    STACK                                    0x20000328   Section     1024  startup_armcm0plus.o(STACK)

    Global Symbols

    Symbol Name                              Value     Ov Type        Size  Object(Section)

    BuildAttributes$$THM_ISAv3M$S$PE$A:L22$X:L11$S22$IEEE1$IW$~IW$USESV6$~STKCKD$USESV7$~SHL$OSPACE$ROPI$EBA8$STANDARDLIB$REQ8$EABIv2 0x00000000   Number         0  anon$$obj.o ABSOLUTE
    __Vectors                                0x00000000   Data           4  startup_armcm0plus.o(RESET)
    Reset_Handler                            0x000000c1   Thumb Code     8  startup_armcm0plus.o(.text)
    __Vectors_End                            0x000000c0   Data           0  startup_armcm0plus.o(RESET)
    __Vectors_Size                           0x000000c0   Number         0  startup_armcm0plus.o ABSOLUTE
    HardFault_Handler                        0x000000c9   Thumb Code     2  startup_armcm0plus.o(.text)
    NMI_Handler                              0x000000cb   Thumb Code     2  startup_armcm0plus.o(.text)
    SVC_Handler                              0x000000cd   Thumb Code     2  startup_armcm0plus.o(.text)
    PendSV_Handler                           0x000000cf   Thumb Code     2  startup_armcm0plus.o(.text)
    SysTick_Handler                          0x000000d1   Thumb Code     2  startup_armcm0plus.o(.text)
    Interrupt0_Handler                       0x000000d3   Thumb Code     2  startup_armcm0plus.o(.text)
    Interrupt1_Handler                       0x000000d5   Thumb Code     2  startup_armcm0plus.o(.text)
    Interrupt2_Handler                       0x000000d7   Thumb Code     2  startup_armcm0plus.o(.text)
    Interrupt3_Handler                       0x000000d9   Thumb Code     2  startup_armcm0plus.o(.text)
    Interrupt4_Handler                       0x000000db   Thumb Code     2  startup_armcm0plus.o(.text)
    Interrupt5_Handler                       0x000000dd   Thumb Code     2  startup_armcm0plus.o(.text)
    Interrupt6_Handler                       0x000000df   Thumb Code     2  startup_armcm0plus.o(.text)
    Interrupt7_Handler                       0x000000e1   Thumb Code     2  startup_armcm0plus.o(.text)
    Interrupt8_Handler                       0x000000e3   Thumb Code     2  startup_armcm0plus.o(.text)
    Interrupt9_Handler                       0x000000e5   Thumb Code     2  startup_armcm0plus.o(.text)
    __use_two_region_memory                  0x000000f1   Thumb Code     2  heapauxi.o(.text)
    __rt_heap_escrow$2region                 0x000000f3   Thumb Code     2  heapauxi.o(.text)
    __rt_heap_expand$2region                 0x000000f5   Thumb Code     2  heapauxi.o(.text)
    SystemInit                               0x000000f9   Thumb Code     8  system_armcm0plus.o(.text.SystemInit)
    __main                                   0x00000109   Thumb Code   144  bubblesort.o(main)
    SystemCoreClock                          0x20000000   Data           4  system_armcm0plus.o(.data.SystemCoreClock)
    __stack_limit                            0x20000328   Data           0  startup_armcm0plus.o(STACK)
    __initial_sp                             0x20000728   Data           0  startup_armcm0plus.o(STACK)



==============================================================================

Memory Map of the image

  Image Entry point : 0x000000c1

  Load Region LR_1 (Base: 0x00000000, Size: 0x00000674, Max: 0xffffffff, ABSOLUTE)

    Execution Region ER_RO (Exec base: 0x00000000, Load base: 0x00000000, Size: 0x00000350, Max: 0xffffffff, ABSOLUTE)

    Exec Addr    Load Addr    Size         Type   Attr      Idx    E Section Name        Object

    0x00000000   0x00000000   0x000000c0   Data   RO           10    RESET               startup_armcm0plus.o
    0x000000c0   0x000000c0   0x00000030   Code   RO           11  * .text               startup_armcm0plus.o
    0x000000f0   0x000000f0   0x00000006   Code   RO           29    .text               c_p.l(heapauxi.o)
    0x000000f6   0x000000f6   0x00000002   PAD
    0x000000f8   0x000000f8   0x00000010   Code   RO           18    .text.SystemInit    system_armcm0plus.o
    0x00000108   0x00000108   0x00000248   Code   RO            2  * main                bubblesort.o


    Execution Region ER_RW (Exec base: 0x20000000, Load base: 0x00000350, Size: 0x00000324, Max: 0xffffffff, ABSOLUTE)

    Exec Addr    Load Addr    Size         Type   Attr      Idx    E Section Name        Object

    0x20000000   0x00000350   0x00000004   Data   RW           20    .data.SystemCoreClock  system_armcm0plus.o
    0x20000004   0x00000354   0x00000320   Data   RW            1    copy_array          bubblesort.o


    Execution Region ER_ZI (Exec base: 0x20000328, Load base: 0x00000674, Size: 0x00000400, Max: 0xffffffff, ABSOLUTE)

    Exec Addr    Load Addr    Size         Type   Attr      Idx    E Section Name        Object

    0x20000328        -       0x00000400   Zero   RW            8    STACK               startup_armcm0plus.o


==============================================================================

Image component sizes


      Code (inc. data)   RO Data    RW Data    ZI Data      Debug   Object Name

       584        442          0        800          0        428   bubblesort.o
        48         10        192          0       1024       1032   startup_armcm0plus.o
        16          8          0          4          0        693   system_armcm0plus.o

    ----------------------------------------------------------------------
       648        460        192        804       1024       2153   Object Totals
         0          0          0          0          0          0   (incl. Generated)
         0          0          0          0          0          0   (incl. Padding)

    ----------------------------------------------------------------------

      Code (inc. data)   RO Data    RW Data    ZI Data      Debug   Library Member Name

         6          0          0          0          0        136   heapauxi.o

    ----------------------------------------------------------------------
         8          0          0          0          0        136   Library Totals
         2          0          0          0          0          0   (incl. Padding)

    ----------------------------------------------------------------------

      Code (inc. data)   RO Data    RW Data    ZI Data      Debug   Library Name

         6          0          0          0          0        136   c_p.l

    ----------------------------------------------------------------------
         8          0          0          0          0        136   Library Totals

    ----------------------------------------------------------------------

==============================================================================


      Code (inc. data)   RO Data    RW Data    ZI Data      Debug   

       656        460        192        804       1024       2237   Grand Totals
       656        460        192        804       1024       2237   ELF Image Totals
       656        460        192        804          0          0   ROM Totals

==============================================================================

    Total RO  Size (Code + RO Data)                  848 (   0.83kB)
    Total RW  Size (RW Data + ZI Data)              1828 (   1.79kB)
    Total ROM Size (Code + RO Data + RW Data)       1652 (   1.61kB)

==============================================================================

